Loading GraphML datasets via identical run constraints...
Loaded Train samples: 6019, Test samples: 2568
Extracting tabular numeric/TF-IDF features...

Initiating Training & Evaluation...

========================================
 LOGISTIC REGRESSION RESULTS
========================================
Precision: 0.7644
Recall:    0.8883
F1-Score:  0.8217
FPR:       0.1968
FNR:       0.1117
AUROC:     0.8988
AUPRC:     0.7702

========================================
 RANDOM FOREST RESULTS
========================================
Precision: 0.8289
Recall:    0.9926
F1-Score:  0.9034
FPR:       0.1473
FNR:       0.0074
AUROC:     0.9834
AUPRC:     0.9739

========================================
 XGBOOST RESULTS
========================================
Precision: 0.8306
Recall:    0.9907
F1-Score:  0.9036
FPR:       0.1452
FNR:       0.0093
AUROC:     0.9834
AUPRC:     0.9739

========================================
 MLP (BASIC DNN) RESULTS
========================================
Precision: 0.8251
Recall:    0.9926
F1-Score:  0.9011
FPR:       0.1513
FNR:       0.0074
AUROC:     0.9829
AUPRC:     0.9722
