
============================================================
  CASCE Scenario Generator v2
  Output: dataset_confirm
  Runs: 5 × 20 scenarios
  Seed: 2026
============================================================


--- Run 1/5: run_001 ---
  ✓ codegen OK: OK: 22 scenarios, 26 sessions, 299 events → dataset_confirm/run_001
  ✓ validate OK: run_001

--- Run 2/5: run_002 ---
  ✓ codegen OK: OK: 23 scenarios, 23 sessions, 291 events → dataset_confirm/run_002
  ✓ validate OK: run_002

--- Run 3/5: run_003 ---
  ✓ codegen OK: OK: 21 scenarios, 23 sessions, 290 events → dataset_confirm/run_003
  ✓ validate OK: run_003

--- Run 4/5: run_004 ---
  ✓ codegen OK: OK: 20 scenarios, 22 sessions, 269 events → dataset_confirm/run_004
  ✓ validate OK: run_004

--- Run 5/5: run_005 ---
  ✓ codegen OK: OK: 20 scenarios, 24 sessions, 287 events → dataset_confirm/run_005
  ✓ validate OK: run_005

============================================================
  GENERATION SUMMARY
============================================================
  Runs:      5 successful, 0 failed
  Scenarios: 106
  Sessions:  118
  Classes:   {'benign': 61, 'malicious': 57}
  Rule-engine relationship distribution:
    agrees: 82
    benign_false_positive: 16
    malicious_false_negative: 8
  Unique families: 84
============================================================

