
============================================================
  CASCE Scenario Generator v2
  Output: dataset_benign_confirm
  Runs: 3 × 20 scenarios
  Seed: 999
============================================================


--- Run 1/3: run_001 ---
  ✓ codegen OK: OK: 20 scenarios, 20 sessions, 234 events → dataset_benign_confirm/run_001
  ✓ validate OK: run_001

--- Run 2/3: run_002 ---
  ✓ codegen OK: OK: 20 scenarios, 20 sessions, 244 events → dataset_benign_confirm/run_002
  ✓ validate OK: run_002

--- Run 3/3: run_003 ---
  ✓ codegen OK: OK: 20 scenarios, 20 sessions, 242 events → dataset_benign_confirm/run_003
  ✓ validate OK: run_003

============================================================
  GENERATION SUMMARY
============================================================
  Runs:      3 successful, 0 failed
  Scenarios: 60
  Sessions:  60
  Classes:   {'benign': 60, 'malicious': 0}
  Rule-engine relationship distribution:
    benign_false_positive: 60
  Unique families: 52
============================================================

