[algo4] Loaded trained GAT weights from models_seeds/v2_s2.pt (feature version 2)

============================================================
  THRESHOLD TUNING (sweeping θ_A)
============================================================
     θ_A    Prec  Recall      F1     Acc
  ------------------------------------
    0.05   0.867   1.000   0.929   0.984
    0.10   0.867   1.000   0.929   0.984
    0.15   0.867   1.000   0.929   0.984
    0.20   0.867   1.000   0.929   0.984
    0.25   0.867   1.000   0.929   0.984
    0.30   1.000   1.000   1.000   1.000
    0.35   1.000   1.000   1.000   1.000
    0.40   1.000   1.000   1.000   1.000
    0.45   1.000   1.000   1.000   1.000
    0.50   1.000   1.000   1.000   1.000
    0.55   1.000   1.000   1.000   1.000
    0.60   1.000   1.000   1.000   1.000
    0.65   1.000   1.000   1.000   1.000
    0.70   1.000   1.000   1.000   1.000
    0.75   1.000   1.000   1.000   1.000
    0.80   1.000   0.673   0.805   0.967
    0.85   0.000   0.000   0.000   0.898
    0.90   0.000   0.000   0.000   0.898
    0.95   0.000   0.000   0.000   0.898

  Best F1 reached at 10 thresholds, θ_A = 0.30 … 0.75; using the middle one

  ★ Best F1 = 1.0000 at θ_A = 0.55
    Recommended: update THETA_A = 0.55
    Sweep results saved to models_seeds/v2_s2.tune/threshold_sweep.json
