[train] feature version 2, seed 2
[train] Training set: 1472 graphs (1112 normal, 360 malicious)
[train] Validation set: 508 graphs (456 normal, 52 malicious)
[train] epoch 1/50  train_loss=0.2842  val_loss=0.0337
[train] epoch 2/50  train_loss=0.1302  val_loss=0.0554
[train] epoch 3/50  train_loss=0.1064  val_loss=0.0121
[train] epoch 4/50  train_loss=0.0694  val_loss=0.6111
[train] epoch 5/50  train_loss=0.0488  val_loss=0.0004
[train] epoch 6/50  train_loss=0.0526  val_loss=0.0101
[train] epoch 7/50  train_loss=0.0440  val_loss=0.0001
[train] epoch 8/50  train_loss=0.0595  val_loss=0.0003
[train] epoch 9/50  train_loss=0.0594  val_loss=0.0233
[train] epoch 10/50  train_loss=0.0864  val_loss=0.0192
[train] epoch 11/50  train_loss=0.0047  val_loss=0.0000
[train] epoch 12/50  train_loss=0.0587  val_loss=0.0000
[train] epoch 13/50  train_loss=0.0579  val_loss=0.0000
[train] epoch 14/50  train_loss=0.0678  val_loss=0.0003
[train] epoch 15/50  train_loss=0.0137  val_loss=0.0000
[train] epoch 16/50  train_loss=0.0098  val_loss=0.0001
[train] epoch 17/50  train_loss=0.0477  val_loss=0.0000
[train] epoch 18/50  train_loss=0.0010  val_loss=0.0000
[train] epoch 19/50  train_loss=0.0184  val_loss=0.0000
[train] epoch 20/50  train_loss=0.0122  val_loss=0.0001
[train] Early stopping at epoch 20 (val_loss not improving for 5 epochs)
[train] Restored best model (val_loss=0.0000)
[train] Saved trained GAT weights to models_seeds/v2_s2.pt
