[train] feature version 3, seed 1
[train] Training set: 3864 graphs (3222 normal, 642 malicious)
[train] Validation set: 596 graphs (472 normal, 124 malicious)
[train] epoch 1/50  train_loss=0.3351  val_loss=0.4029
[train] epoch 2/50  train_loss=0.1933  val_loss=0.2178
[train] epoch 3/50  train_loss=0.1434  val_loss=0.2766
[train] epoch 4/50  train_loss=0.1040  val_loss=0.4249
[train] epoch 5/50  train_loss=0.1088  val_loss=0.1649
[train] epoch 6/50  train_loss=0.1163  val_loss=0.0054
[train] epoch 7/50  train_loss=0.0523  val_loss=0.0259
[train] epoch 8/50  train_loss=0.0777  val_loss=0.0465
[train] epoch 9/50  train_loss=0.1181  val_loss=0.0021
[train] epoch 10/50  train_loss=0.0464  val_loss=0.2931
[train] epoch 11/50  train_loss=0.0405  val_loss=1.8943
[train] epoch 12/50  train_loss=0.0824  val_loss=28.7388
[train] epoch 13/50  train_loss=0.0316  val_loss=0.9318
[train] epoch 14/50  train_loss=0.0083  val_loss=2.8329
[train] Early stopping at epoch 14 (val_loss not improving for 5 epochs)
[train] Restored best model (val_loss=0.0021)
[train] Saved trained GAT weights to loto_v3_extra/alter_role_esc_s1.pt
