[algo4] Loaded trained GAT weights from loto_v3_extra/defense_impair_s1.pt (feature version 3)

============================================================
  THRESHOLD TUNING (sweeping θ_A)
============================================================
     θ_A    Prec  Recall      F1     Acc
  ------------------------------------
    0.05   0.500   1.000   0.667   0.846
    0.10   0.500   1.000   0.667   0.846
    0.15   0.500   1.000   0.667   0.846
    0.20   0.500   1.000   0.667   0.846
    0.25   0.500   1.000   0.667   0.846
    0.30   0.850   1.000   0.919   0.973
    0.35   0.850   1.000   0.919   0.973
    0.40   0.850   1.000   0.919   0.973
    0.45   0.850   1.000   0.919   0.973
    0.50   0.850   1.000   0.919   0.973
    0.55   0.850   1.000   0.919   0.973
    0.60   0.850   1.000   0.919   0.973
    0.65   0.850   1.000   0.919   0.973
    0.70   0.850   1.000   0.919   0.973
    0.75   0.850   1.000   0.919   0.973
    0.80   0.850   1.000   0.919   0.973
    0.85   0.000   0.000   0.000   0.846
    0.90   0.000   0.000   0.000   0.846
    0.95   0.000   0.000   0.000   0.846

  Best F1 reached at 11 thresholds, θ_A = 0.30 … 0.80; using the middle one

  ★ Best F1 = 0.9187 at θ_A = 0.55
  ★ θ_A = 0.85: lowest θ with benign validation FPR ≤ 0.01 (528 benign sessions)
    Recorded θ_A = 0.85 in loto_v3_extra/defense_impair_s1.json
    Sweep results saved to loto_v3_extra/defense_impair_s1.tune/threshold_sweep.json
