[algo4] Loaded trained GAT weights from loto_v3_extra/multi_apt_s1.pt (feature version 3)

============================================================
  THRESHOLD TUNING (sweeping θ_A)
============================================================
     θ_A    Prec  Recall      F1     Acc
  ------------------------------------
    0.05   0.391   0.500   0.439   0.818
    0.10   0.391   0.500   0.439   0.818
    0.15   0.391   0.500   0.439   0.818
    0.20   0.391   0.500   0.439   0.818
    0.25   0.391   0.500   0.439   0.818
    0.30   0.391   0.500   0.439   0.818
    0.35   0.391   0.500   0.439   0.818
    0.40   0.391   0.500   0.439   0.818
    0.45   0.391   0.500   0.439   0.818
    0.50   0.391   0.500   0.439   0.818
    0.55   0.391   0.500   0.439   0.818
    0.60   0.393   0.500   0.440   0.819
    0.65   0.405   0.500   0.447   0.824
    0.70   0.519   0.500   0.509   0.863
    0.75   1.000   0.500   0.667   0.929
    0.80   0.000   0.000   0.000   0.858
    0.85   0.000   0.000   0.000   0.858
    0.90   0.000   0.000   0.000   0.858
    0.95   0.000   0.000   0.000   0.858

  ★ Best F1 = 0.6667 at θ_A = 0.75
  ★ θ_A = 0.75: lowest θ with benign validation FPR ≤ 0.01 (820 benign sessions)
    Recorded θ_A = 0.75 in loto_v3_extra/multi_apt_s1.json
    Sweep results saved to loto_v3_extra/multi_apt_s1.tune/threshold_sweep.json
