[algo4] Loaded trained GAT weights from loto_v3_extra/teller_pii_dump_s1.pt (feature version 3)

============================================================
  THRESHOLD TUNING (sweeping θ_A)
============================================================
     θ_A    Prec  Recall      F1     Acc
  ------------------------------------
    0.05   1.000   1.000   1.000   1.000
    0.10   1.000   1.000   1.000   1.000
    0.15   1.000   1.000   1.000   1.000
    0.20   1.000   1.000   1.000   1.000
    0.25   1.000   1.000   1.000   1.000
    0.30   1.000   1.000   1.000   1.000
    0.35   1.000   1.000   1.000   1.000
    0.40   1.000   1.000   1.000   1.000
    0.45   1.000   1.000   1.000   1.000
    0.50   1.000   1.000   1.000   1.000
    0.55   1.000   1.000   1.000   1.000
    0.60   1.000   1.000   1.000   1.000
    0.65   1.000   1.000   1.000   1.000
    0.70   1.000   1.000   1.000   1.000
    0.75   1.000   1.000   1.000   1.000
    0.80   1.000   0.500   0.667   0.933
    0.85   0.000   0.000   0.000   0.866
    0.90   0.000   0.000   0.000   0.866
    0.95   0.000   0.000   0.000   0.866

  Best F1 reached at 15 thresholds, θ_A = 0.05 … 0.75; using the middle one

  ★ Best F1 = 1.0000 at θ_A = 0.40
  ★ θ_A = 0.05: lowest θ with benign validation FPR ≤ 0.01 (412 benign sessions)
    Recorded θ_A = 0.05 in loto_v3_extra/teller_pii_dump_s1.json
    Sweep results saved to loto_v3_extra/teller_pii_dump_s1.tune/threshold_sweep.json
