
============================================================
  CASCE Scenario Generator v2
  Output: dataset_benign_extra
  Runs: 12 × 20 scenarios
  Seed: 777
============================================================


--- Run 1/12: run_001 ---
  ✓ codegen OK: OK: 20 scenarios, 20 sessions, 244 events → dataset_benign_extra/run_001
  ✓ validate OK: run_001

--- Run 2/12: run_002 ---
  ✓ codegen OK: OK: 20 scenarios, 20 sessions, 248 events → dataset_benign_extra/run_002
  ✓ validate OK: run_002

--- Run 3/12: run_003 ---
  ✓ codegen OK: OK: 20 scenarios, 20 sessions, 242 events → dataset_benign_extra/run_003
  ✓ validate OK: run_003

--- Run 4/12: run_004 ---
  ✓ codegen OK: OK: 20 scenarios, 20 sessions, 236 events → dataset_benign_extra/run_004
  ✓ validate OK: run_004

--- Run 5/12: run_005 ---
  ✓ codegen OK: OK: 20 scenarios, 20 sessions, 236 events → dataset_benign_extra/run_005
  ✓ validate OK: run_005

--- Run 6/12: run_006 ---
  ✓ codegen OK: OK: 20 scenarios, 20 sessions, 240 events → dataset_benign_extra/run_006
  ✓ validate OK: run_006

--- Run 7/12: run_007 ---
  ✓ codegen OK: OK: 20 scenarios, 20 sessions, 254 events → dataset_benign_extra/run_007
  ✓ validate OK: run_007

--- Run 8/12: run_008 ---
  ✓ codegen OK: OK: 20 scenarios, 20 sessions, 244 events → dataset_benign_extra/run_008
  ✓ validate OK: run_008

--- Run 9/12: run_009 ---
  ✓ codegen OK: OK: 20 scenarios, 20 sessions, 230 events → dataset_benign_extra/run_009
  ✓ validate OK: run_009

--- Run 10/12: run_010 ---
  ✓ codegen OK: OK: 20 scenarios, 20 sessions, 232 events → dataset_benign_extra/run_010
  ✓ validate OK: run_010

--- Run 11/12: run_011 ---
  ✓ codegen OK: OK: 20 scenarios, 20 sessions, 236 events → dataset_benign_extra/run_011
  ✓ validate OK: run_011

--- Run 12/12: run_012 ---
  ✓ codegen OK: OK: 20 scenarios, 20 sessions, 250 events → dataset_benign_extra/run_012
  ✓ validate OK: run_012

============================================================
  GENERATION SUMMARY
============================================================
  Runs:      12 successful, 0 failed
  Scenarios: 240
  Sessions:  240
  Classes:   {'benign': 240, 'malicious': 0}
  Rule-engine relationship distribution:
    benign_false_positive: 240
  Unique families: 108
============================================================

