[algo4] Loaded trained GAT weights from loto_v2_extra/compliance_exfil_s1.pt (feature version 2)

============================================================
  THRESHOLD TUNING (sweeping θ_A)
============================================================
     θ_A    Prec  Recall      F1     Acc
  ------------------------------------
    0.05   0.496   1.000   0.663   0.831
    0.10   0.496   1.000   0.663   0.831
    0.15   0.496   1.000   0.663   0.831
    0.20   0.496   1.000   0.663   0.831
    0.25   0.330   0.500   0.397   0.749
    0.30   0.330   0.500   0.397   0.749
    0.35   0.330   0.500   0.397   0.749
    0.40   0.330   0.500   0.397   0.749
    0.45   0.330   0.500   0.397   0.749
    0.50   0.330   0.500   0.397   0.749
    0.55   0.330   0.500   0.397   0.749
    0.60   0.330   0.500   0.397   0.749
    0.65   0.330   0.500   0.397   0.749
    0.70   0.632   0.500   0.558   0.869
    0.75   0.909   0.500   0.645   0.909
    0.80   0.000   0.000   0.000   0.834
    0.85   0.000   0.000   0.000   0.834
    0.90   0.000   0.000   0.000   0.834
    0.95   0.000   0.000   0.000   0.834

  Best F1 reached at 4 thresholds, θ_A = 0.05 … 0.20; using the middle one

  ★ Best F1 = 0.6630 at θ_A = 0.15
    Recorded θ_A = 0.15 in loto_v2_extra/compliance_exfil_s1.json
    Sweep results saved to loto_v2_extra/compliance_exfil_s1.tune/threshold_sweep.json
