[algo4] Loaded trained GAT weights from loto_v2_extra/multi_apt_s1.pt (feature version 2)

============================================================
  THRESHOLD TUNING (sweeping θ_A)
============================================================
     θ_A    Prec  Recall      F1     Acc
  ------------------------------------
    0.05   0.391   0.500   0.439   0.818
    0.10   0.391   0.500   0.439   0.818
    0.15   0.391   0.500   0.439   0.818
    0.20   0.391   0.500   0.439   0.818
    0.25   0.391   0.500   0.439   0.818
    0.30   0.391   0.500   0.439   0.818
    0.35   0.391   0.500   0.439   0.818
    0.40   0.391   0.500   0.439   0.818
    0.45   0.391   0.500   0.439   0.818
    0.50   0.391   0.500   0.439   0.818
    0.55   0.391   0.500   0.439   0.818
    0.60   0.393   0.500   0.440   0.819
    0.65   0.410   0.500   0.450   0.826
    0.70   0.479   0.500   0.489   0.851
    0.75   0.000   0.000   0.000   0.858
    0.80   0.000   0.000   0.000   0.858
    0.85   0.000   0.000   0.000   0.858
    0.90   0.000   0.000   0.000   0.858
    0.95   0.000   0.000   0.000   0.858

  ★ Best F1 = 0.4892 at θ_A = 0.70
    Recorded θ_A = 0.7 in loto_v2_extra/multi_apt_s1.json
    Sweep results saved to loto_v2_extra/multi_apt_s1.tune/threshold_sweep.json
