[train] feature version 2, seed 1
[train] Training set: 3364 graphs (2804 normal, 560 malicious)
[train] Validation set: 960 graphs (826 normal, 134 malicious)
[train] epoch 1/50  train_loss=0.3752  val_loss=0.0399
[train] epoch 2/50  train_loss=0.0895  val_loss=0.4073
[train] epoch 3/50  train_loss=0.0592  val_loss=0.0093
[train] epoch 4/50  train_loss=0.0562  val_loss=0.0005
[train] epoch 5/50  train_loss=0.0231  val_loss=0.0062
[train] epoch 6/50  train_loss=0.0457  val_loss=0.0001
[train] epoch 7/50  train_loss=0.0947  val_loss=0.0003
[train] epoch 8/50  train_loss=0.1155  val_loss=0.0000
[train] epoch 9/50  train_loss=0.0186  val_loss=0.4481
[train] epoch 10/50  train_loss=0.0532  val_loss=0.0035
[train] epoch 11/50  train_loss=0.0395  val_loss=0.0000
[train] epoch 12/50  train_loss=0.0123  val_loss=0.0000
[train] epoch 13/50  train_loss=0.0347  val_loss=0.0000
[train] epoch 14/50  train_loss=0.0779  val_loss=0.2304
[train] epoch 15/50  train_loss=0.0996  val_loss=0.1398
[train] epoch 16/50  train_loss=0.0951  val_loss=0.0000
[train] Early stopping at epoch 16 (val_loss not improving for 5 epochs)
[train] Restored best model (val_loss=0.0000)
[train] Saved trained GAT weights to loto_v2_extra/priv_abuse_s1.pt
