[train] feature version 2, seed 1
[train] Training set: 3844 graphs (3212 normal, 632 malicious)
[train] Validation set: 476 graphs (412 normal, 64 malicious)
[train] epoch 1/50  train_loss=0.3655  val_loss=0.0006
[train] epoch 2/50  train_loss=0.0854  val_loss=0.0032
[train] epoch 3/50  train_loss=0.0850  val_loss=0.0100
[train] epoch 4/50  train_loss=0.0624  val_loss=1.1344
[train] epoch 5/50  train_loss=0.0819  val_loss=0.0624
[train] epoch 6/50  train_loss=0.0683  val_loss=0.0001
[train] epoch 7/50  train_loss=0.0822  val_loss=0.0197
[train] epoch 8/50  train_loss=0.1140  val_loss=0.0000
[train] epoch 9/50  train_loss=0.0625  val_loss=0.1131
[train] epoch 10/50  train_loss=0.0071  val_loss=1.2885
[train] epoch 11/50  train_loss=0.1242  val_loss=0.0000
[train] epoch 12/50  train_loss=0.0240  val_loss=0.0000
[train] epoch 13/50  train_loss=0.0698  val_loss=0.0000
[train] epoch 14/50  train_loss=0.0835  val_loss=0.0000
[train] epoch 15/50  train_loss=0.0038  val_loss=0.0000
[train] epoch 16/50  train_loss=0.2721  val_loss=0.0000
[train] epoch 17/50  train_loss=0.0333  val_loss=0.0000
[train] epoch 18/50  train_loss=0.0390  val_loss=0.0025
[train] epoch 19/50  train_loss=0.0973  val_loss=0.0000
[train] epoch 20/50  train_loss=0.1302  val_loss=0.0000
[train] epoch 21/50  train_loss=0.2180  val_loss=0.0000
[train] epoch 22/50  train_loss=0.1597  val_loss=0.0000
[train] epoch 23/50  train_loss=0.0000  val_loss=0.0000
[train] epoch 24/50  train_loss=0.2537  val_loss=2.0917
[train] epoch 25/50  train_loss=0.0451  val_loss=0.0000
[train] Early stopping at epoch 25 (val_loss not improving for 5 epochs)
[train] Restored best model (val_loss=0.0000)
[train] Saved trained GAT weights to loto_v2_extra/teller_pii_dump_s1.pt
