[train] feature version 2, seed 2
[train] Training set: 3000 graphs (2414 normal, 586 malicious)
[train] Validation set: 724 graphs (604 normal, 120 malicious)
[train] epoch 1/50  train_loss=0.2755  val_loss=2.3655
[train] epoch 2/50  train_loss=0.0405  val_loss=2.4029
[train] epoch 3/50  train_loss=0.0225  val_loss=3.8766
[train] epoch 4/50  train_loss=0.0001  val_loss=4.3325
[train] epoch 5/50  train_loss=0.0261  val_loss=2.1997
[train] epoch 6/50  train_loss=0.1184  val_loss=2.5260
[train] epoch 7/50  train_loss=0.0017  val_loss=2.0174
[train] epoch 8/50  train_loss=0.0479  val_loss=5.0399
[train] epoch 9/50  train_loss=0.0046  val_loss=3.1733
[train] epoch 10/50  train_loss=0.0471  val_loss=1.8126
[train] epoch 11/50  train_loss=0.0329  val_loss=2.8763
[train] epoch 12/50  train_loss=0.0220  val_loss=3.8887
[train] epoch 13/50  train_loss=0.0000  val_loss=5.1519
[train] epoch 14/50  train_loss=0.0521  val_loss=5.6709
[train] epoch 15/50  train_loss=0.0020  val_loss=6.4299
[train] Early stopping at epoch 15 (val_loss not improving for 5 epochs)
[train] Restored best model (val_loss=1.8126)
[train] Saved trained GAT weights to loto/compliance_exfil_s2.pt
