[algo4] Loaded trained GAT weights from loto/etl_exfil_mal_s3.pt (feature version 2)

============================================================
  THRESHOLD TUNING (sweeping θ_A)
============================================================
     θ_A    Prec  Recall      F1     Acc
  ------------------------------------
    0.05   1.000   1.000   1.000   1.000
    0.10   1.000   1.000   1.000   1.000
    0.15   1.000   1.000   1.000   1.000
    0.20   1.000   1.000   1.000   1.000
    0.25   1.000   1.000   1.000   1.000
    0.30   1.000   0.667   0.800   0.951
    0.35   1.000   0.667   0.800   0.951
    0.40   1.000   0.667   0.800   0.951
    0.45   1.000   0.667   0.800   0.951
    0.50   1.000   0.667   0.800   0.951
    0.55   1.000   0.667   0.800   0.951
    0.60   1.000   0.667   0.800   0.951
    0.65   1.000   0.667   0.800   0.951
    0.70   1.000   0.667   0.800   0.951
    0.75   1.000   0.500   0.667   0.926
    0.80   0.000   0.000   0.000   0.852
    0.85   0.000   0.000   0.000   0.852
    0.90   0.000   0.000   0.000   0.852
    0.95   0.000   0.000   0.000   0.852

  Best F1 reached at 5 thresholds, θ_A = 0.05 … 0.25; using the middle one

  ★ Best F1 = 1.0000 at θ_A = 0.15
    Recorded θ_A = 0.15 in loto/etl_exfil_mal_s3.json
    Sweep results saved to loto/etl_exfil_mal_s3.tune/threshold_sweep.json
