[algo4] Loaded trained GAT weights from loto/multi_apt_s2.pt (feature version 2)

============================================================
  THRESHOLD TUNING (sweeping θ_A)
============================================================
     θ_A    Prec  Recall      F1     Acc
  ------------------------------------
    0.05   0.391   0.500   0.439   0.818
    0.10   0.391   0.500   0.439   0.818
    0.15   0.391   0.500   0.439   0.818
    0.20   0.391   0.500   0.439   0.818
    0.25   0.391   0.500   0.439   0.818
    0.30   0.391   0.500   0.439   0.818
    0.35   0.391   0.500   0.439   0.818
    0.40   0.391   0.500   0.439   0.818
    0.45   0.391   0.500   0.439   0.818
    0.50   0.391   0.500   0.439   0.818
    0.55   0.391   0.500   0.439   0.818
    0.60   0.391   0.500   0.439   0.818
    0.65   0.391   0.500   0.439   0.818
    0.70   0.391   0.500   0.439   0.818
    0.75   0.000   0.000   0.000   0.829
    0.80   0.000   0.000   0.000   0.858
    0.85   0.000   0.000   0.000   0.858
    0.90   0.000   0.000   0.000   0.858
    0.95   0.000   0.000   0.000   0.858

  Best F1 reached at 14 thresholds, θ_A = 0.05 … 0.70; using the middle one

  ★ Best F1 = 0.4387 at θ_A = 0.40
    Recorded θ_A = 0.4 in loto/multi_apt_s2.json
    Sweep results saved to loto/multi_apt_s2.tune/threshold_sweep.json
