[algo4] Loaded trained GAT weights from loto/multi_apt_s3.pt (feature version 2)

============================================================
  THRESHOLD TUNING (sweeping θ_A)
============================================================
     θ_A    Prec  Recall      F1     Acc
  ------------------------------------
    0.05   0.391   0.500   0.439   0.818
    0.10   0.391   0.500   0.439   0.818
    0.15   0.391   0.500   0.439   0.818
    0.20   0.391   0.500   0.439   0.818
    0.25   0.391   0.500   0.439   0.818
    0.30   0.391   0.500   0.439   0.818
    0.35   0.391   0.500   0.439   0.818
    0.40   0.393   0.500   0.440   0.819
    0.45   0.393   0.500   0.440   0.819
    0.50   0.400   0.500   0.444   0.822
    0.55   0.400   0.500   0.444   0.822
    0.60   0.400   0.500   0.444   0.822
    0.65   0.425   0.500   0.459   0.833
    0.70   0.450   0.500   0.474   0.842
    0.75   0.591   0.500   0.542   0.880
    0.80   0.000   0.000   0.000   0.858
    0.85   0.000   0.000   0.000   0.858
    0.90   0.000   0.000   0.000   0.858
    0.95   0.000   0.000   0.000   0.858

  ★ Best F1 = 0.5418 at θ_A = 0.75
    Recorded θ_A = 0.75 in loto/multi_apt_s3.json
    Sweep results saved to loto/multi_apt_s3.tune/threshold_sweep.json
