[algo4] Loaded trained GAT weights from loto/multi_apt_s1.pt (feature version 2)

============================================================
  THRESHOLD TUNING (sweeping θ_A)
============================================================
     θ_A    Prec  Recall      F1     Acc
  ------------------------------------
    0.05   0.391   0.500   0.439   0.818
    0.10   0.391   0.500   0.439   0.818
    0.15   0.391   0.500   0.439   0.818
    0.20   0.391   0.500   0.439   0.818
    0.25   0.391   0.500   0.439   0.818
    0.30   0.395   0.500   0.442   0.820
    0.35   0.400   0.500   0.444   0.822
    0.40   0.428   0.500   0.461   0.834
    0.45   0.453   0.500   0.476   0.843
    0.50   0.472   0.500   0.486   0.849
    0.55   0.515   0.500   0.507   0.862
    0.60   0.515   0.500   0.507   0.862
    0.65   0.515   0.500   0.507   0.862
    0.70   0.515   0.500   0.507   0.862
    0.75   0.000   0.000   0.000   0.832
    0.80   0.000   0.000   0.000   0.858
    0.85   0.000   0.000   0.000   0.858
    0.90   0.000   0.000   0.000   0.858
    0.95   0.000   0.000   0.000   0.858

  Best F1 reached at 4 thresholds, θ_A = 0.55 … 0.70; using the middle one

  ★ Best F1 = 0.5075 at θ_A = 0.65
    Recorded θ_A = 0.65 in loto/multi_apt_s1.json
    Sweep results saved to loto/multi_apt_s1.tune/threshold_sweep.json
