[train] feature version 2, seed 2
[train] Training set: 2404 graphs (1844 normal, 560 malicious)
[train] Validation set: 960 graphs (826 normal, 134 malicious)
[train] epoch 1/50  train_loss=0.3219  val_loss=0.0629
[train] epoch 2/50  train_loss=0.0771  val_loss=0.2070
[train] epoch 3/50  train_loss=0.0504  val_loss=0.0131
[train] epoch 4/50  train_loss=0.0118  val_loss=0.7629
[train] epoch 5/50  train_loss=0.0876  val_loss=0.8031
[train] epoch 6/50  train_loss=0.0087  val_loss=0.1050
[train] epoch 7/50  train_loss=0.1345  val_loss=1.3925
[train] epoch 8/50  train_loss=0.0908  val_loss=0.0037
[train] epoch 9/50  train_loss=0.0145  val_loss=0.0001
[train] epoch 10/50  train_loss=0.0326  val_loss=0.4510
[train] epoch 11/50  train_loss=0.0157  val_loss=0.0008
[train] epoch 12/50  train_loss=0.0359  val_loss=0.0000
[train] epoch 13/50  train_loss=0.0600  val_loss=0.5236
[train] epoch 14/50  train_loss=0.0213  val_loss=0.0000
[train] epoch 15/50  train_loss=0.0005  val_loss=1.8015
[train] epoch 16/50  train_loss=0.0377  val_loss=0.0006
[train] epoch 17/50  train_loss=0.0000  val_loss=0.0001
[train] epoch 18/50  train_loss=0.0513  val_loss=0.0000
[train] epoch 19/50  train_loss=0.0161  val_loss=0.0000
[train] epoch 20/50  train_loss=0.0073  val_loss=0.0000
[train] epoch 21/50  train_loss=0.0100  val_loss=0.0000
[train] epoch 22/50  train_loss=0.0384  val_loss=0.0000
[train] epoch 23/50  train_loss=0.0000  val_loss=0.0000
[train] epoch 24/50  train_loss=0.0697  val_loss=0.6401
[train] epoch 25/50  train_loss=0.0861  val_loss=1.2844
[train] epoch 26/50  train_loss=0.0324  val_loss=3.6361
[train] epoch 27/50  train_loss=0.0078  val_loss=0.0000
[train] epoch 28/50  train_loss=0.0627  val_loss=2.7635
[train] Early stopping at epoch 28 (val_loss not improving for 5 epochs)
[train] Restored best model (val_loss=0.0000)
[train] Saved trained GAT weights to loto/priv_abuse_s2.pt
