[algo4] Loaded trained GAT weights from loto/priv_abuse_s1.pt (feature version 2)

============================================================
  THRESHOLD TUNING (sweeping θ_A)
============================================================
     θ_A    Prec  Recall      F1     Acc
  ------------------------------------
    0.05   0.543   1.000   0.703   0.882
    0.10   0.543   1.000   0.703   0.882
    0.15   0.543   1.000   0.703   0.882
    0.20   0.570   1.000   0.726   0.895
    0.25   1.000   1.000   1.000   1.000
    0.30   1.000   1.000   1.000   1.000
    0.35   1.000   1.000   1.000   1.000
    0.40   1.000   1.000   1.000   1.000
    0.45   1.000   1.000   1.000   1.000
    0.50   1.000   1.000   1.000   1.000
    0.55   1.000   1.000   1.000   1.000
    0.60   1.000   1.000   1.000   1.000
    0.65   1.000   1.000   1.000   1.000
    0.70   1.000   1.000   1.000   1.000
    0.75   1.000   1.000   1.000   1.000
    0.80   1.000   1.000   1.000   1.000
    0.85   0.000   0.000   0.000   0.860
    0.90   0.000   0.000   0.000   0.860
    0.95   0.000   0.000   0.000   0.860

  Best F1 reached at 12 thresholds, θ_A = 0.25 … 0.80; using the middle one

  ★ Best F1 = 1.0000 at θ_A = 0.55
    Recorded θ_A = 0.55 in loto/priv_abuse_s1.json
    Sweep results saved to loto/priv_abuse_s1.tune/threshold_sweep.json
