etl_exfil_mal seed 1 done, theta 0.1: etl_exfil_mal: UNSEEN n=124 TP=62 FN=0 FP=62 TN=0 R=1.0 FPR=1.0 F1=0.6667 ROC-AUC=0.0 | seen-test F1=0.8905 FPR=0.1648
defense_impair seed 1 done, theta 0.45: defense_impair: UNSEEN n=148 TP=72 FN=0 FP=76 TN=0 R=1.0 FPR=1.0 F1=0.6545 ROC-AUC=0.0 | seen-test F1=1.0 FPR=0.0
compliance_exfil seed 1 done, theta 0.7: compliance_exfil: UNSEEN n=118 TP=0 FN=78 FP=0 TN=40 R=0.0 FPR=0.0 F1=0.0 ROC-AUC=1.0 | seen-test F1=0.8393 FPR=0.0
alter_role_esc seed 1 done, theta 0.65: alter_role_esc: UNSEEN n=180 TP=35 FN=0 FP=0 TN=145 R=1.0 FPR=0.0 F1=1.0 ROC-AUC=1.0 | seen-test F1=0.7667 FPR=0.0
multi_apt seed 1 done, theta 0.65: multi_apt: UNSEEN n=249 TP=0 FN=96 FP=0 TN=153 R=0.0 FPR=0.0 F1=0.0 ROC-AUC=0.6667 | seen-test F1=0.8654 FPR=0.0
priv_abuse seed 1 done, theta 0.55: priv_abuse: UNSEEN n=226 TP=84 FN=0 FP=5 TN=137 R=1.0 FPR=0.0352 F1=0.9711 ROC-AUC=1.0 | seen-test F1=1.0 FPR=0.0
teller_pii_dump seed 1 done, theta 0.6: teller_pii_dump: UNSEEN n=226 TP=73 FN=8 FP=145 TN=0 R=0.9012 FPR=1.0 F1=0.4883 ROC-AUC=0.0 | seen-test F1=1.0 FPR=0.0
alter_role_esc seed 2 done, theta 0.8: alter_role_esc: UNSEEN n=180 TP=35 FN=0 FP=0 TN=145 R=1.0 FPR=0.0 F1=1.0 ROC-AUC=1.0 | seen-test F1=0.6422 FPR=0.0
defense_impair seed 2 done, theta 0.45: defense_impair: UNSEEN n=148 TP=72 FN=0 FP=76 TN=0 R=1.0 FPR=1.0 F1=0.6545 ROC-AUC=0.0 | seen-test F1=1.0 FPR=0.0
etl_exfil_mal seed 2 done, theta 0.1: etl_exfil_mal: UNSEEN n=124 TP=62 FN=0 FP=62 TN=0 R=1.0 FPR=1.0 F1=0.6667 ROC-AUC=0.0 | seen-test F1=0.8905 FPR=0.1648
multi_apt seed 2 done, theta 0.4: multi_apt: UNSEEN n=249 TP=32 FN=64 FP=0 TN=153 R=0.3333 FPR=0.0 F1=0.5 ROC-AUC=0.6667 | seen-test F1=0.8027 FPR=0.3919
compliance_exfil seed 2 done, theta 0.4: compliance_exfil: UNSEEN n=118 TP=78 FN=0 FP=0 TN=40 R=1.0 FPR=0.0 F1=1.0 ROC-AUC=1.0 | seen-test F1=1.0 FPR=0.0
alter_role_esc seed 3 done, theta 0.75: alter_role_esc: UNSEEN n=180 TP=35 FN=0 FP=0 TN=145 R=1.0 FPR=0.0 F1=1.0 ROC-AUC=1.0 | seen-test F1=0.7667 FPR=0.0
teller_pii_dump seed 2 done, theta 0.4: teller_pii_dump: UNSEEN n=226 TP=77 FN=4 FP=0 TN=145 R=0.9506 FPR=0.0 F1=0.9747 ROC-AUC=1.0 | seen-test F1=0.8308 FPR=0.0
compliance_exfil seed 3 done, theta 0.4: compliance_exfil: UNSEEN n=118 TP=78 FN=0 FP=0 TN=40 R=1.0 FPR=0.0 F1=1.0 ROC-AUC=1.0 | seen-test F1=1.0 FPR=0.0
multi_apt seed 3 done, theta 0.75: multi_apt: UNSEEN n=249 TP=0 FN=96 FP=0 TN=153 R=0.0 FPR=0.0 F1=0.0 ROC-AUC=0.6667 | seen-test F1=0.8654 FPR=0.0
etl_exfil_mal seed 3 done, theta 0.15: etl_exfil_mal: UNSEEN n=124 TP=62 FN=0 FP=62 TN=0 R=1.0 FPR=1.0 F1=0.6667 ROC-AUC=0.0 | seen-test F1=0.8531 FPR=0.2308
defense_impair seed 3 done, theta 0.45: defense_impair: UNSEEN n=148 TP=72 FN=0 FP=76 TN=0 R=1.0 FPR=1.0 F1=0.6545 ROC-AUC=0.0 | seen-test F1=1.0 FPR=0.0
priv_abuse seed 2 done, theta 0.45: priv_abuse: UNSEEN n=226 TP=84 FN=0 FP=51 TN=91 R=1.0 FPR=0.3592 F1=0.7671 ROC-AUC=0.8908 | seen-test F1=1.0 FPR=0.0
priv_abuse seed 3 done, theta 0.45: priv_abuse: UNSEEN n=226 TP=84 FN=0 FP=11 TN=131 R=1.0 FPR=0.0775 F1=0.9385 ROC-AUC=1.0 | seen-test F1=1.0 FPR=0.0
teller_pii_dump seed 3 done, theta 0.75: teller_pii_dump: UNSEEN n=226 TP=81 FN=0 FP=145 TN=0 R=1.0 FPR=1.0 F1=0.5277 ROC-AUC=1.0 | seen-test F1=0.9867 FPR=0.0
ALL DONE
