== 10:00 A0: v2 models, benign-FPR θ
== 10:07 stage done: A0 v2 + benign-FPR theta
fold (unseen attack) seeds        recall           FPR            F1       ROC-AUC  seen-test F1
alter_role_esc           1   1.000±0.000   0.000±0.000   1.000±0.000   1.000±0.000   0.767±0.000
compliance_exfil         1   0.000±0.000   0.000±0.000   0.000±0.000   1.000±0.000   0.984±0.000
defense_impair           1   0.000±0.000   0.000±0.000   0.000±0.000   0.000±0.000   0.000±0.000
etl_exfil_mal            1   1.000±0.000   1.000±0.000   0.667±0.000   0.000±0.000   0.890±0.000
multi_apt                1   0.000±0.000   0.000±0.000   0.000±0.000   0.667±0.000   0.865±0.000
priv_abuse               1   1.000±0.000   0.099±0.000   0.923±0.000   1.000±0.000   0.813±0.000
teller_pii_dump          1   1.000±0.000   1.000±0.000   0.528±0.000   0.000±0.000   1.000±0.000
MACRO (complete seeds)     1   0.571±0.000   0.300±0.000   0.445±0.000   0.524±0.000
pooled confusion seed 1: TN=542 FP=221 FN=246 TP=262
Saved loto_v2_fpr/loto_summary.json
etl_exfil_mal seed 1 done, theta 0.15: etl_exfil_mal: UNSEEN n=124 TP=62 FN=0 FP=62 TN=0 R=1.0 FPR=1.0 F1=0.6667 ROC-AUC=0.0 | seen-test F1=0.8905 FPR=0.1648
defense_impair seed 1 done, theta 0.7: defense_impair: UNSEEN n=148 TP=72 FN=0 FP=76 TN=0 R=1.0 FPR=1.0 F1=0.6545 ROC-AUC=0.9671 | seen-test F1=1.0 FPR=0.0
compliance_exfil seed 1 done, theta 0.15: compliance_exfil: UNSEEN n=118 TP=78 FN=0 FP=0 TN=40 R=1.0 FPR=0.0 F1=1.0 ROC-AUC=1.0 | seen-test F1=0.9028 FPR=0.1333
multi_apt seed 1 done, theta 0.7: multi_apt: UNSEEN n=249 TP=32 FN=64 FP=0 TN=153 R=0.3333 FPR=0.0 F1=0.5 ROC-AUC=0.6667 | seen-test F1=0.9077 FPR=0.1622
alter_role_esc seed 1 done, theta 0.45: alter_role_esc: UNSEEN n=180 TP=35 FN=0 FP=0 TN=145 R=1.0 FPR=0.0 F1=1.0 ROC-AUC=1.0 | seen-test F1=1.0 FPR=0.0
priv_abuse seed 1 done, theta 0.45: priv_abuse: UNSEEN n=226 TP=84 FN=0 FP=73 TN=69 R=1.0 FPR=0.5141 F1=0.6971 ROC-AUC=0.8732 | seen-test F1=1.0 FPR=0.0
teller_pii_dump seed 1 done, theta 0.4: teller_pii_dump: UNSEEN n=226 TP=48 FN=33 FP=145 TN=0 R=0.5926 FPR=1.0 F1=0.3504 ROC-AUC=0.5926 | seen-test F1=1.0 FPR=0.0
ALL DONE
== 13:29 stage done: A v2 + extra benign corpus
fold (unseen attack) seeds        recall           FPR            F1       ROC-AUC  seen-test F1
alter_role_esc           1   1.000±0.000   0.000±0.000   1.000±0.000   1.000±0.000   1.000±0.000
compliance_exfil         1   1.000±0.000   0.000±0.000   1.000±0.000   1.000±0.000   0.903±0.000
defense_impair           1   1.000±0.000   1.000±0.000   0.654±0.000   0.967±0.000   1.000±0.000
etl_exfil_mal            1   1.000±0.000   1.000±0.000   0.667±0.000   0.000±0.000   0.890±0.000
multi_apt                1   0.333±0.000   0.000±0.000   0.500±0.000   0.667±0.000   0.908±0.000
priv_abuse               1   1.000±0.000   0.514±0.000   0.697±0.000   0.873±0.000   1.000±0.000
teller_pii_dump          1   0.593±0.000   1.000±0.000   0.350±0.000   0.593±0.000   1.000±0.000
MACRO (complete seeds)     1   0.847±0.000   0.502±0.000   0.696±0.000   0.729±0.000
pooled confusion seed 1: TN=407 FP=356 FN=97 TP=411
Saved loto_v2_extra/loto_summary.json
compliance_exfil seed 1 done, theta 0.85: compliance_exfil: UNSEEN n=118 TP=0 FN=78 FP=0 TN=40 R=0.0 FPR=0.0 F1=0.0 ROC-AUC=1.0 | seen-test F1=0.0 FPR=0.0
etl_exfil_mal seed 1 done, theta 0.05: etl_exfil_mal: UNSEEN n=124 TP=62 FN=0 FP=62 TN=0 R=1.0 FPR=1.0 F1=0.6667 ROC-AUC=0.0 | seen-test F1=0.8905 FPR=0.1648
defense_impair seed 1 done, theta 0.85: defense_impair: UNSEEN n=148 TP=0 FN=72 FP=0 TN=76 R=0.0 FPR=0.0 F1=0.0 ROC-AUC=0.0 | seen-test F1=0.0 FPR=0.0
multi_apt seed 1 done, theta 0.8: multi_apt: UNSEEN n=249 TP=32 FN=64 FP=0 TN=153 R=0.3333 FPR=0.0 F1=0.5 ROC-AUC=0.6667 | seen-test F1=1.0 FPR=0.0
teller_pii_dump seed 1 done, theta 0.05: teller_pii_dump: UNSEEN n=226 TP=81 FN=0 FP=0 TN=145 R=1.0 FPR=0.0 F1=1.0 ROC-AUC=1.0 | seen-test F1=0.8 FPR=0.3295
alter_role_esc seed 1 done, theta 0.05: alter_role_esc: UNSEEN n=180 TP=35 FN=0 FP=0 TN=145 R=1.0 FPR=0.0 F1=1.0 ROC-AUC=1.0 | seen-test F1=0.8362 FPR=0.3295
priv_abuse seed 1 done, theta 0.05: priv_abuse: UNSEEN n=226 TP=84 FN=0 FP=0 TN=142 R=1.0 FPR=0.0 F1=1.0 ROC-AUC=1.0 | seen-test F1=0.8129 FPR=0.4143
ALL DONE
== 15:53 stage done: B v3 (fixes 1-3)
fold (unseen attack) seeds        recall           FPR            F1       ROC-AUC  seen-test F1
alter_role_esc           1   1.000±0.000   0.000±0.000   1.000±0.000   1.000±0.000   0.836±0.000
compliance_exfil         1   0.000±0.000   0.000±0.000   0.000±0.000   1.000±0.000   0.000±0.000
defense_impair           1   0.000±0.000   0.000±0.000   0.000±0.000   0.000±0.000   0.000±0.000
etl_exfil_mal            1   1.000±0.000   1.000±0.000   0.667±0.000   0.000±0.000   0.890±0.000
multi_apt                1   0.333±0.000   0.000±0.000   0.500±0.000   0.667±0.000   1.000±0.000
priv_abuse               1   1.000±0.000   0.000±0.000   1.000±0.000   1.000±0.000   0.813±0.000
teller_pii_dump          1   1.000±0.000   0.000±0.000   1.000±0.000   1.000±0.000   0.800±0.000
MACRO (complete seeds)     1   0.619±0.000   0.143±0.000   0.595±0.000   0.667±0.000
pooled confusion seed 1: TN=701 FP=62 FN=214 TP=294
Saved loto_v3/loto_summary.json
etl_exfil_mal seed 1 done, theta 0.05: etl_exfil_mal: UNSEEN n=124 TP=62 FN=0 FP=62 TN=0 R=1.0 FPR=1.0 F1=0.6667 ROC-AUC=0.0 | seen-test F1=0.8905 FPR=0.1648
compliance_exfil seed 1 done, theta 0.5: compliance_exfil: UNSEEN n=118 TP=0 FN=78 FP=0 TN=40 R=0.0 FPR=0.0 F1=0.0 ROC-AUC=1.0 | seen-test F1=0.8527 FPR=0.0857
multi_apt seed 1 done, theta 0.75: multi_apt: UNSEEN n=249 TP=32 FN=64 FP=0 TN=153 R=0.3333 FPR=0.0 F1=0.5 ROC-AUC=0.6667 | seen-test F1=0.9672 FPR=0.0541
defense_impair seed 1 done, theta 0.85: defense_impair: UNSEEN n=148 TP=0 FN=72 FP=0 TN=76 R=0.0 FPR=0.0 F1=0.0 ROC-AUC=0.0 | seen-test F1=0.0 FPR=0.0
priv_abuse seed 1 done, theta 0.15: priv_abuse: UNSEEN n=226 TP=84 FN=0 FP=0 TN=142 R=1.0 FPR=0.0 F1=1.0 ROC-AUC=1.0 | seen-test F1=0.8129 FPR=0.4143
alter_role_esc seed 1 done, theta 0.05: alter_role_esc: UNSEEN n=180 TP=35 FN=0 FP=0 TN=145 R=1.0 FPR=0.0 F1=1.0 ROC-AUC=1.0 | seen-test F1=0.8362 FPR=0.3295
teller_pii_dump seed 1 done, theta 0.05: teller_pii_dump: UNSEEN n=226 TP=81 FN=0 FP=101 TN=44 R=1.0 FPR=0.6966 F1=0.616 ROC-AUC=1.0 | seen-test F1=0.8398 FPR=0.3295
ALL DONE
== 19:05 stage done: C v3 + extra benign corpus
fold (unseen attack) seeds        recall           FPR            F1       ROC-AUC  seen-test F1
alter_role_esc           1   1.000±0.000   0.000±0.000   1.000±0.000   1.000±0.000   0.836±0.000
compliance_exfil         1   0.000±0.000   0.000±0.000   0.000±0.000   1.000±0.000   0.853±0.000
defense_impair           1   0.000±0.000   0.000±0.000   0.000±0.000   0.000±0.000   0.000±0.000
etl_exfil_mal            1   1.000±0.000   1.000±0.000   0.667±0.000   0.000±0.000   0.890±0.000
multi_apt                1   0.333±0.000   0.000±0.000   0.500±0.000   0.667±0.000   0.967±0.000
priv_abuse               1   1.000±0.000   0.000±0.000   1.000±0.000   1.000±0.000   0.813±0.000
teller_pii_dump          1   1.000±0.000   0.697±0.000   0.616±0.000   1.000±0.000   0.840±0.000
MACRO (complete seeds)     1   0.619±0.000   0.242±0.000   0.540±0.000   0.667±0.000
pooled confusion seed 1: TN=600 FP=163 FN=214 TP=294
Saved loto_v3_extra/loto_summary.json
== 19:05 ALL STAGES DONE
