[algo4] Loaded trained GAT weights from loto_v3_f1/compliance_exfil_s2.pt (feature version 3)

============================================================
  THRESHOLD TUNING (sweeping θ_A)
============================================================
     θ_A    Prec  Recall      F1     Acc
  ------------------------------------
    0.05   0.496   1.000   0.663   0.831
    0.10   0.496   1.000   0.663   0.831
    0.15   0.496   1.000   0.663   0.831
    0.20   0.496   1.000   0.663   0.831
    0.25   0.496   1.000   0.663   0.831
    0.30   0.496   1.000   0.663   0.831
    0.35   0.496   1.000   0.663   0.831
    0.40   0.496   1.000   0.663   0.831
    0.45   0.496   1.000   0.663   0.831
    0.50   0.496   1.000   0.663   0.831
    0.55   0.496   1.000   0.663   0.831
    0.60   0.496   1.000   0.663   0.831
    0.65   0.496   1.000   0.663   0.831
    0.70   0.496   1.000   0.663   0.831
    0.75   0.496   1.000   0.663   0.831
    0.80   0.330   0.500   0.397   0.749
    0.85   0.000   0.000   0.000   0.834
    0.90   0.000   0.000   0.000   0.834
    0.95   0.000   0.000   0.000   0.834

  Best F1 reached at 15 thresholds, θ_A = 0.05 … 0.75; using the middle one

  ★ Best F1 = 0.6630 at θ_A = 0.40
    Recorded θ_A = 0.4 in loto_v3_f1/compliance_exfil_s2.json
    Sweep results saved to loto_v3_f1/compliance_exfil_s2.tune/threshold_sweep.json
