[algo4] Loaded trained GAT weights from loto_v3_f1/etl_exfil_mal_s1.pt (feature version 3)

============================================================
  THRESHOLD TUNING (sweeping θ_A)
============================================================
     θ_A    Prec  Recall      F1     Acc
  ------------------------------------
    0.05   1.000   0.833   0.909   0.975
    0.10   1.000   0.833   0.909   0.975
    0.15   1.000   0.667   0.800   0.951
    0.20   1.000   0.667   0.800   0.951
    0.25   1.000   0.667   0.800   0.951
    0.30   1.000   0.333   0.500   0.901
    0.35   1.000   0.333   0.500   0.901
    0.40   1.000   0.333   0.500   0.901
    0.45   1.000   0.333   0.500   0.901
    0.50   1.000   0.333   0.500   0.901
    0.55   1.000   0.333   0.500   0.901
    0.60   1.000   0.333   0.500   0.901
    0.65   1.000   0.333   0.500   0.901
    0.70   1.000   0.333   0.500   0.901
    0.75   1.000   0.333   0.500   0.901
    0.80   0.000   0.000   0.000   0.852
    0.85   0.000   0.000   0.000   0.852
    0.90   0.000   0.000   0.000   0.852
    0.95   0.000   0.000   0.000   0.852

  Best F1 reached at 2 thresholds, θ_A = 0.05 … 0.10; using the middle one

  ★ Best F1 = 0.9091 at θ_A = 0.10
    Recorded θ_A = 0.1 in loto_v3_f1/etl_exfil_mal_s1.json
    Sweep results saved to loto_v3_f1/etl_exfil_mal_s1.tune/threshold_sweep.json
