[algo4] Loaded trained GAT weights from loto_v3_f1/multi_apt_s2.pt (feature version 3)

============================================================
  THRESHOLD TUNING (sweeping θ_A)
============================================================
     θ_A    Prec  Recall      F1     Acc
  ------------------------------------
    0.05   0.391   0.500   0.439   0.818
    0.10   0.391   0.500   0.439   0.818
    0.15   0.391   0.500   0.439   0.818
    0.20   0.391   0.500   0.439   0.818
    0.25   0.391   0.500   0.439   0.818
    0.30   0.391   0.500   0.439   0.818
    0.35   0.391   0.500   0.439   0.818
    0.40   0.391   0.500   0.439   0.818
    0.45   0.391   0.500   0.439   0.818
    0.50   0.391   0.500   0.439   0.818
    0.55   0.393   0.500   0.440   0.819
    0.60   0.444   0.500   0.471   0.840
    0.65   0.515   0.500   0.507   0.862
    0.70   0.515   0.500   0.507   0.862
    0.75   0.731   0.500   0.594   0.903
    0.80   0.000   0.000   0.000   0.858
    0.85   0.000   0.000   0.000   0.858
    0.90   0.000   0.000   0.000   0.858
    0.95   0.000   0.000   0.000   0.858

  ★ Best F1 = 0.5939 at θ_A = 0.75
    Recorded θ_A = 0.75 in loto_v3_f1/multi_apt_s2.json
    Sweep results saved to loto_v3_f1/multi_apt_s2.tune/threshold_sweep.json
