[train] feature version 3, seed 2
[train] Training set: 2404 graphs (1844 normal, 560 malicious)
[train] Validation set: 960 graphs (826 normal, 134 malicious)
[train] epoch 1/50  train_loss=0.3131  val_loss=0.0059
[train] epoch 2/50  train_loss=0.1891  val_loss=0.1303
[train] epoch 3/50  train_loss=0.0928  val_loss=0.2243
[train] epoch 4/50  train_loss=0.0884  val_loss=0.3988
[train] epoch 5/50  train_loss=0.0164  val_loss=0.0004
[train] epoch 6/50  train_loss=0.1075  val_loss=1.1310
[train] epoch 7/50  train_loss=0.0710  val_loss=0.0010
[train] epoch 8/50  train_loss=0.0148  val_loss=0.1757
[train] epoch 9/50  train_loss=0.0588  val_loss=0.0002
[train] epoch 10/50  train_loss=0.0459  val_loss=1.5111
[train] epoch 11/50  train_loss=0.0190  val_loss=1.5004
[train] epoch 12/50  train_loss=0.0014  val_loss=2.5084
[train] epoch 13/50  train_loss=0.0485  val_loss=0.7430
[train] epoch 14/50  train_loss=0.0145  val_loss=1.1806
[train] Early stopping at epoch 14 (val_loss not improving for 5 epochs)
[train] Restored best model (val_loss=0.0002)
[train] Saved trained GAT weights to loto_v3_f1/priv_abuse_s2.pt
