[train] feature version 3, seed 2
[train] Training set: 2884 graphs (2252 normal, 632 malicious)
[train] Validation set: 476 graphs (412 normal, 64 malicious)
[train] epoch 1/50  train_loss=0.3287  val_loss=0.0849
[train] epoch 2/50  train_loss=0.1533  val_loss=0.3059
[train] epoch 3/50  train_loss=0.1178  val_loss=0.0132
[train] epoch 4/50  train_loss=0.0553  val_loss=0.0012
[train] epoch 5/50  train_loss=0.0693  val_loss=0.1193
[train] epoch 6/50  train_loss=0.0307  val_loss=1.7713
[train] epoch 7/50  train_loss=0.0175  val_loss=0.0000
[train] epoch 8/50  train_loss=0.1196  val_loss=0.0000
[train] epoch 9/50  train_loss=0.0344  val_loss=0.2824
[train] epoch 10/50  train_loss=0.0013  val_loss=0.0007
[train] epoch 11/50  train_loss=0.0755  val_loss=0.0000
[train] epoch 12/50  train_loss=0.0247  val_loss=0.0066
[train] epoch 13/50  train_loss=0.0398  val_loss=0.0000
[train] epoch 14/50  train_loss=0.0235  val_loss=0.0002
[train] epoch 15/50  train_loss=0.0075  val_loss=0.0000
[train] epoch 16/50  train_loss=0.0321  val_loss=0.0000
[train] Early stopping at epoch 16 (val_loss not improving for 5 epochs)
[train] Restored best model (val_loss=0.0000)
[train] Saved trained GAT weights to loto_v3_f1/teller_pii_dump_s2.pt
