[algo4] Loaded trained GAT weights from loto_v2_fpr/etl_exfil_mal_s1.pt (feature version 2)

============================================================
  THRESHOLD TUNING (sweeping θ_A)
============================================================
     θ_A    Prec  Recall      F1     Acc
  ------------------------------------
    0.05   1.000   1.000   1.000   1.000
    0.10   1.000   1.000   1.000   1.000
    0.15   1.000   0.833   0.909   0.975
    0.20   1.000   0.833   0.909   0.975
    0.25   1.000   0.833   0.909   0.975
    0.30   1.000   0.500   0.667   0.926
    0.35   1.000   0.500   0.667   0.926
    0.40   1.000   0.500   0.667   0.926
    0.45   1.000   0.500   0.667   0.926
    0.50   1.000   0.500   0.667   0.926
    0.55   1.000   0.500   0.667   0.926
    0.60   1.000   0.333   0.500   0.901
    0.65   1.000   0.333   0.500   0.901
    0.70   1.000   0.333   0.500   0.901
    0.75   1.000   0.167   0.286   0.876
    0.80   0.000   0.000   0.000   0.852
    0.85   0.000   0.000   0.000   0.852
    0.90   0.000   0.000   0.000   0.852
    0.95   0.000   0.000   0.000   0.852

  Best F1 reached at 2 thresholds, θ_A = 0.05 … 0.10; using the middle one

  ★ Best F1 = 1.0000 at θ_A = 0.10
  ★ θ_A = 0.05: lowest θ with benign validation FPR ≤ 0.01 (896 benign sessions)
    Recorded θ_A = 0.05 in loto_v2_fpr/etl_exfil_mal_s1.json
    Sweep results saved to loto_v2_fpr/etl_exfil_mal_s1.tune/threshold_sweep.json
