[train] feature version 3, seed 1
[train] Training set: 2904 graphs (2262 normal, 642 malicious)
[train] Validation set: 596 graphs (472 normal, 124 malicious)
[train] epoch 1/50  train_loss=0.2901  val_loss=0.2151
[train] epoch 2/50  train_loss=0.1479  val_loss=0.0429
[train] epoch 3/50  train_loss=0.0970  val_loss=0.0008
[train] epoch 4/50  train_loss=0.1395  val_loss=0.0152
[train] epoch 5/50  train_loss=0.0630  val_loss=0.0006
[train] epoch 6/50  train_loss=0.0149  val_loss=0.0001
[train] epoch 7/50  train_loss=0.0443  val_loss=0.0000
[train] epoch 8/50  train_loss=0.0662  val_loss=0.0011
[train] epoch 9/50  train_loss=0.0204  val_loss=0.0013
[train] epoch 10/50  train_loss=0.0017  val_loss=0.0000
[train] epoch 11/50  train_loss=0.0000  val_loss=0.0000
[train] epoch 12/50  train_loss=0.0873  val_loss=0.0074
[train] epoch 13/50  train_loss=0.0175  val_loss=0.0000
[train] epoch 14/50  train_loss=0.0317  val_loss=0.0000
[train] epoch 15/50  train_loss=0.0001  val_loss=0.0000
[train] epoch 16/50  train_loss=0.0567  val_loss=0.0005
[train] epoch 17/50  train_loss=0.0887  val_loss=0.0000
[train] epoch 18/50  train_loss=0.0160  val_loss=0.0000
[train] epoch 19/50  train_loss=0.0485  val_loss=0.0000
[train] epoch 20/50  train_loss=0.0003  val_loss=0.0000
[train] Early stopping at epoch 20 (val_loss not improving for 5 epochs)
[train] Restored best model (val_loss=0.0000)
[train] Saved trained GAT weights to loto_v3/alter_role_esc_s1.pt
