[algo4] Loaded trained GAT weights from loto_v3/defense_impair_s1.pt (feature version 3)

============================================================
  THRESHOLD TUNING (sweeping θ_A)
============================================================
     θ_A    Prec  Recall      F1     Acc
  ------------------------------------
    0.05   0.500   1.000   0.667   0.846
    0.10   0.500   1.000   0.667   0.846
    0.15   0.500   1.000   0.667   0.846
    0.20   0.500   1.000   0.667   0.846
    0.25   0.500   1.000   0.667   0.846
    0.30   0.500   1.000   0.667   0.846
    0.35   0.500   1.000   0.667   0.846
    0.40   0.500   1.000   0.667   0.846
    0.45   0.500   1.000   0.667   0.846
    0.50   0.500   1.000   0.667   0.846
    0.55   0.500   1.000   0.667   0.846
    0.60   0.500   1.000   0.667   0.846
    0.65   0.500   1.000   0.667   0.846
    0.70   0.500   1.000   0.667   0.846
    0.75   0.500   1.000   0.667   0.846
    0.80   0.500   1.000   0.667   0.846
    0.85   0.000   0.000   0.000   0.846
    0.90   0.000   0.000   0.000   0.846
    0.95   0.000   0.000   0.000   0.846

  Best F1 reached at 16 thresholds, θ_A = 0.05 … 0.80; using the middle one

  ★ Best F1 = 0.6667 at θ_A = 0.45
  ★ θ_A = 0.85: lowest θ with benign validation FPR ≤ 0.01 (528 benign sessions)
    Recorded θ_A = 0.85 in loto_v3/defense_impair_s1.json
    Sweep results saved to loto_v3/defense_impair_s1.tune/threshold_sweep.json
