[algo4] Loaded trained GAT weights from loto_v3_extra_f1/compliance_exfil_s1.pt (feature version 3)

============================================================
  THRESHOLD TUNING (sweeping θ_A)
============================================================
     θ_A    Prec  Recall      F1     Acc
  ------------------------------------
    0.05   0.496   1.000   0.663   0.831
    0.10   0.496   1.000   0.663   0.831
    0.15   0.496   1.000   0.663   0.831
    0.20   0.496   1.000   0.663   0.831
    0.25   0.496   1.000   0.663   0.831
    0.30   0.496   1.000   0.663   0.831
    0.35   0.496   1.000   0.663   0.831
    0.40   0.603   1.000   0.752   0.891
    0.45   0.870   1.000   0.930   0.975
    0.50   1.000   0.500   0.667   0.917
    0.55   1.000   0.500   0.667   0.917
    0.60   1.000   0.500   0.667   0.917
    0.65   1.000   0.500   0.667   0.917
    0.70   1.000   0.500   0.667   0.917
    0.75   1.000   0.500   0.667   0.917
    0.80   0.000   0.000   0.000   0.834
    0.85   0.000   0.000   0.000   0.834
    0.90   0.000   0.000   0.000   0.834
    0.95   0.000   0.000   0.000   0.834

  ★ Best F1 = 0.9302 at θ_A = 0.45
    Recorded θ_A = 0.45 in loto_v3_extra_f1/compliance_exfil_s1.json
    Sweep results saved to loto_v3_extra_f1/compliance_exfil_s1.tune/threshold_sweep.json
